{
  "workflowRunCount" : 1,
  "studies" : [ "PCSI" ],
  "sequencerRuns" : [ "160405_D00343_0116_BC8W17ANXX" ],
  "lanes" : [ "160405_D00343_0116_BC8W17ANXX_lane_7" ],
  "samples" : [ "PCSI_0646_Lv_M_PE_314_MR" ],
  "workflows" : [ "CASAVA" ],
  "processingAlgorithms" : [ "ProvisionFiles" ],
  "fileMetaTypes" : [ "chemical/seq-na-fastq-gzip" ],
  "maxInputFiles" : 2,
  "minInputFiles" : 2,
  "totalInputFiles" : 2,
  "workflowRuns" : [ {
    "workflowIni" : {
      "additionalStarParams" : "",
      "barcode" : "AGTCAA",
      "bundled_jre" : "${workflow_bundle_dir}/Workflow_Bundle_STAR/1.1.1/bin/jre1.8.0_45/bin/java",
      "bundled_seqware" : "seqware-distribution-2.0.2-full.jar",
      "data_dir" : "data",
      "index_dir" : "/.mount/labs/PDE/data/reference/Star100b",
      "input_file_1" : "/oicr/data/archive/seqware/seqware_analysis_8/hsqwprod/results/CASAVA_2.7/42986506/SWID_4071861_PCSI_0646_Lv_M_PE_314_MR_NoGroup_160405_D00343_0116_BC8W17ANXX_AGTCAA_L007_R1_001.fastq.gz",
      "input_file_2" : "/oicr/data/archive/seqware/seqware_analysis_8/hsqwprod/results/CASAVA_2.7/42986506/SWID_4071861_PCSI_0646_Lv_M_PE_314_MR_NoGroup_160405_D00343_0116_BC8W17ANXX_AGTCAA_L007_R2_001.fastq.gz",
      "ius_accession" : "6475883",
      "lane" : "7",
      "manual_output" : "false",
      "metadata" : "metadata",
      "output_dir" : "seqware-results",
      "picard_dir" : "${workflow_bundle_dir}/Workflow_Bundle_STAR/1.1.1/bin/picard-tools-1.89/",
      "produce_transcriptome_bam" : "true",
      "queue" : "",
      "r1_adapter_trim" : "AGATCGGAAGAGCACACGTCTGAACTCCAGTCAC",
      "r2_adapter_trim" : "AGATCGGAAGAGCGTCGTGTAGGGAAAGAGTGT",
      "rg_library" : "PCSI_0646_Lv_M_PE_314_MR",
      "rg_organization" : "OICR",
      "rg_platform" : "Illumina",
      "rg_platform_unit" : "160405_D00343_0116_BC8W17ANXX_7_AGTCAA",
      "rg_sample_name" : "PCSI_0646_M",
      "sequencer_run_name" : "160405_D00343_0116_BC8W17ANXX",
      "star" : "${workflow_bundle_dir}/Workflow_Bundle_STAR/1.1.1/bin/STAR-2.5.1b/bin/Linux_x86_64_static/STAR",
      "star_aln_mem_mb" : "16000",
      "star_aln_threads" : "6"
    },
    "files" : [ {
      "studyTitle" : [ "PCSI" ],
      "studyAttributes" : {
        "geo_lab_group_id" : [ [ "33" ] ]
      },
      "experimentName" : [ ],
      "experimentAttributes" : { },
      "sampleName" : [ "PCSI_0646_Lv_M_PE_314_MR" ],
      "sampleAttributes" : {
        "geo_external_name" : [ [ "1_67454", "1_67454 COMP-0010", "2011-04-19" ] ],
        "geo_library_source_template_type" : [ [ "MR" ] ],
        "geo_organism" : [ [ "Homo sapiens" ] ],
        "geo_prep_kit" : [ [ "TruSeq RNA Access " ] ],
        "geo_receive_date" : [ [ "2011-04-19", "2016-03-14" ] ],
        "geo_run_id_and_position_and_slot" : [ [ "2405_7_2" ] ],
        "geo_targeted_resequencing" : [ [ "TruSeq RNA Access RS-301-2001" ] ],
        "geo_template_id" : [ [ "100565", "100567", "100654", "100655", "101990", "101994", "101998" ] ],
        "geo_template_type" : [ [ "Identity", "Illumina mRNA Library", "Illumina mRNA Library Seq", "Metastatic Tumor Tissue", "mRNA", "whole RNA" ] ],
        "geo_tissue_origin" : [ [ "Lv" ] ],
        "geo_tissue_type" : [ [ "M" ] ]
      },
      "sequencerRunName" : [ "160405_D00343_0116_BC8W17ANXX" ],
      "sequencerRunAttributes" : {
        "geo_instrument_run_id" : [ [ "2405" ] ]
      },
      "laneName" : [ "160405_D00343_0116_BC8W17ANXX_lane_7" ],
      "laneAttributes" : {
        "geo_lane" : [ [ "7" ] ]
      },
      "iusTag" : [ "AGTCAA" ],
      "iusAttributes" : { },
      "workflowName" : [ "CASAVA" ],
      "processingAlgorithm" : [ "ProvisionFiles" ],
      "processingAttributes" : { },
      "fileMetaType" : [ "chemical/seq-na-fastq-gzip" ],
      "fileAttributes" : { },
      "fileId" : -459640168
    }, {
      "studyTitle" : [ "PCSI" ],
      "studyAttributes" : {
        "geo_lab_group_id" : [ [ "33" ] ]
      },
      "experimentName" : [ ],
      "experimentAttributes" : { },
      "sampleName" : [ "PCSI_0646_Lv_M_PE_314_MR" ],
      "sampleAttributes" : {
        "geo_external_name" : [ [ "1_67454", "1_67454 COMP-0010", "2011-04-19" ] ],
        "geo_library_source_template_type" : [ [ "MR" ] ],
        "geo_organism" : [ [ "Homo sapiens" ] ],
        "geo_prep_kit" : [ [ "TruSeq RNA Access " ] ],
        "geo_receive_date" : [ [ "2011-04-19", "2016-03-14" ] ],
        "geo_run_id_and_position_and_slot" : [ [ "2405_7_2" ] ],
        "geo_targeted_resequencing" : [ [ "TruSeq RNA Access RS-301-2001" ] ],
        "geo_template_id" : [ [ "100565", "100567", "100654", "100655", "101990", "101994", "101998" ] ],
        "geo_template_type" : [ [ "Identity", "Illumina mRNA Library", "Illumina mRNA Library Seq", "Metastatic Tumor Tissue", "mRNA", "whole RNA" ] ],
        "geo_tissue_origin" : [ [ "Lv" ] ],
        "geo_tissue_type" : [ [ "M" ] ]
      },
      "sequencerRunName" : [ "160405_D00343_0116_BC8W17ANXX" ],
      "sequencerRunAttributes" : {
        "geo_instrument_run_id" : [ [ "2405" ] ]
      },
      "laneName" : [ "160405_D00343_0116_BC8W17ANXX_lane_7" ],
      "laneAttributes" : {
        "geo_lane" : [ [ "7" ] ]
      },
      "iusTag" : [ "AGTCAA" ],
      "iusAttributes" : { },
      "workflowName" : [ "CASAVA" ],
      "processingAlgorithm" : [ "ProvisionFiles" ],
      "processingAttributes" : { },
      "fileMetaType" : [ "chemical/seq-na-fastq-gzip" ],
      "fileAttributes" : { },
      "fileId" : -965198793
    } ]
  } ]
}