{
  "workflowRunCount" : 1,
  "studies" : [ "extracellularRNA" ],
  "sequencerRuns" : [ "160330_D00331_0185_BC8L1CANXX" ],
  "lanes" : [ "160330_D00331_0185_BC8L1CANXX_lane_6" ],
  "samples" : [ "ERNA_0079_nn_C_PE_320_WT" ],
  "workflows" : [ "CASAVA" ],
  "processingAlgorithms" : [ "ProvisionFiles" ],
  "fileMetaTypes" : [ "chemical/seq-na-fastq-gzip" ],
  "maxInputFiles" : 2,
  "minInputFiles" : 2,
  "totalInputFiles" : 2,
  "workflowRuns" : [ {
    "workflowIni" : {
      "additionalStarParams" : "",
      "barcode" : "GCCAAT",
      "bundled_jre" : "${workflow_bundle_dir}/Workflow_Bundle_STAR/1.1.1/bin/jre1.8.0_45/bin/java",
      "bundled_seqware" : "seqware-distribution-2.0.2-full.jar",
      "data_dir" : "data",
      "index_dir" : "/.mount/labs/PDE/data/reference/Star100b",
      "input_file_1" : "/oicr/data/archive/seqware/seqware_analysis_8/hsqwprod/results/CASAVA_2.7/47674109/SWID_4013294_ERNA_0079_nn_C_PE_320_WT_NoGroup_160330_D00331_0185_BC8L1CANXX_GCCAAT_L006_R1_001.fastq.gz",
      "input_file_2" : "/oicr/data/archive/seqware/seqware_analysis_8/hsqwprod/results/CASAVA_2.7/47674109/SWID_4013294_ERNA_0079_nn_C_PE_320_WT_NoGroup_160330_D00331_0185_BC8L1CANXX_GCCAAT_L006_R2_001.fastq.gz",
      "ius_accession" : "6469227",
      "lane" : "6",
      "manual_output" : "false",
      "metadata" : "metadata",
      "output_dir" : "seqware-results",
      "picard_dir" : "${workflow_bundle_dir}/Workflow_Bundle_STAR/1.1.1/bin/picard-tools-1.89/",
      "produce_transcriptome_bam" : "true",
      "queue" : "",
      "r1_adapter_trim" : "AGATCGGAAGAGCACACGTCTGAACTCCAGTCAC",
      "r2_adapter_trim" : "AGATCGGAAGAGCGTCGTGTAGGGAAAGAGTGT",
      "rg_library" : "ERNA_0079_nn_C_PE_320_WT",
      "rg_organization" : "OICR",
      "rg_platform" : "Illumina",
      "rg_platform_unit" : "160330_D00331_0185_BC8L1CANXX_6_GCCAAT",
      "rg_sample_name" : "ERNA_0079_C",
      "sequencer_run_name" : "160330_D00331_0185_BC8L1CANXX",
      "star" : "${workflow_bundle_dir}/Workflow_Bundle_STAR/1.1.1/bin/STAR-2.5.1b/bin/Linux_x86_64_static/STAR",
      "star_aln_mem_mb" : "16000",
      "star_aln_threads" : "6"
    },
    "files" : [ {
      "studyTitle" : [ "extracellularRNA" ],
      "studyAttributes" : {
        "geo_lab_group_id" : [ [ "176" ] ]
      },
      "experimentName" : [ ],
      "experimentAttributes" : { },
      "sampleName" : [ "ERNA_0079_nn_C_PE_320_WT" ],
      "sampleAttributes" : {
        "geo_external_name" : [ [ "EW656" ] ],
        "geo_library_source_template_type" : [ [ "WT" ] ],
        "geo_organism" : [ [ "Homo sapiens" ] ],
        "geo_prep_kit" : [ [ "TruSeq_Stranded_TotalRNA" ] ],
        "geo_run_id_and_position_and_slot" : [ [ "2403_6_2" ] ],
        "geo_template_id" : [ [ "100696", "100708", "100720", "100732", "100744" ] ],
        "geo_template_type" : [ [ "Identity", "Illumina PE Library Seq", "Illumina WT Library", "Illumina WT Library Seq", "rRNA_depleted", "whole RNA" ] ],
        "geo_tissue_origin" : [ [ "nn" ] ],
        "geo_tissue_type" : [ [ "C" ] ]
      },
      "sequencerRunName" : [ "160330_D00331_0185_BC8L1CANXX" ],
      "sequencerRunAttributes" : {
        "geo_instrument_run_id" : [ [ "2403" ] ]
      },
      "laneName" : [ "160330_D00331_0185_BC8L1CANXX_lane_6" ],
      "laneAttributes" : {
        "geo_lane" : [ [ "6" ] ]
      },
      "iusTag" : [ "GCCAAT" ],
      "iusAttributes" : { },
      "workflowName" : [ "CASAVA" ],
      "processingAlgorithm" : [ "ProvisionFiles" ],
      "processingAttributes" : { },
      "fileMetaType" : [ "chemical/seq-na-fastq-gzip" ],
      "fileAttributes" : { },
      "fileId" : 1020660779
    }, {
      "studyTitle" : [ "extracellularRNA" ],
      "studyAttributes" : {
        "geo_lab_group_id" : [ [ "176" ] ]
      },
      "experimentName" : [ ],
      "experimentAttributes" : { },
      "sampleName" : [ "ERNA_0079_nn_C_PE_320_WT" ],
      "sampleAttributes" : {
        "geo_external_name" : [ [ "EW656" ] ],
        "geo_library_source_template_type" : [ [ "WT" ] ],
        "geo_organism" : [ [ "Homo sapiens" ] ],
        "geo_prep_kit" : [ [ "TruSeq_Stranded_TotalRNA" ] ],
        "geo_run_id_and_position_and_slot" : [ [ "2403_6_2" ] ],
        "geo_template_id" : [ [ "100696", "100708", "100720", "100732", "100744" ] ],
        "geo_template_type" : [ [ "Identity", "Illumina PE Library Seq", "Illumina WT Library", "Illumina WT Library Seq", "rRNA_depleted", "whole RNA" ] ],
        "geo_tissue_origin" : [ [ "nn" ] ],
        "geo_tissue_type" : [ [ "C" ] ]
      },
      "sequencerRunName" : [ "160330_D00331_0185_BC8L1CANXX" ],
      "sequencerRunAttributes" : {
        "geo_instrument_run_id" : [ [ "2403" ] ]
      },
      "laneName" : [ "160330_D00331_0185_BC8L1CANXX_lane_6" ],
      "laneAttributes" : {
        "geo_lane" : [ [ "6" ] ]
      },
      "iusTag" : [ "GCCAAT" ],
      "iusAttributes" : { },
      "workflowName" : [ "CASAVA" ],
      "processingAlgorithm" : [ "ProvisionFiles" ],
      "processingAttributes" : { },
      "fileMetaType" : [ "chemical/seq-na-fastq-gzip" ],
      "fileAttributes" : { },
      "fileId" : 1526219404
    } ]
  } ]
}